0.000000000000000000e+00
3.396000000000000130e-01
6.853000000000000203e-01
1.035800000000000054e+00
1.385799999999999921e+00
1.731400000000000050e+00
2.058199999999999807e+00
2.432799999999999851e+00
2.792899999999999938e+00
3.139499999999999957e+00
